// Jest Snapshot v1, https://goo.gl/fbAQLP

exports[`select render select to match snapshot 1`] = `
<styled.form>
  <select
    onChange={[Function]}
  >
    <option
      value=""
    >
      Select test
    </option>
    <option
      key="1"
      value={1}
    >
      option1
    </option>
  </select>
</styled.form>
`;
